// Jest Snapshot v1, https://goo.gl/fbAQLP

exports[`createMarkdown multiple tags outputs correct changelog 1`] = `
"
## a-new-hope@4.0.0 (1977-05-25)

#### :rocket: New Feature
* \`@star-wars/a-new-hope\`
  * [#1](https://github.com/lerna/lerna-changelog/pull/1) feat: May the force be with you ([@luke](https://github.com/luke))

#### Committers: 1
- Luke Skywalker ([@luke](https://github.com/luke))


## empire-strikes-back@5.0.0 (1977-05-25)

#### :rocket: New Feature
* \`@star-wars/a-new-hope\`
  * [#1](https://github.com/lerna/lerna-changelog/pull/1) feat: May the force be with you ([@luke](https://github.com/luke))

#### Committers: 1
- Luke Skywalker ([@luke](https://github.com/luke))


## return-of-the-jedi@6.0.0 (1977-05-25)

#### :rocket: New Feature
* \`@star-wars/a-new-hope\`
  * [#1](https://github.com/lerna/lerna-changelog/pull/1) feat: May the force be with you ([@luke](https://github.com/luke))

#### Committers: 1
- Luke Skywalker ([@luke](https://github.com/luke))"
`;

exports[`createMarkdown single project outputs correct changelog 1`] = `
"
## Unreleased (2099-01-01)

#### :rocket: New Feature
* [#7](https://github.com/lerna/lerna-changelog/pull/7) feat: that is not how the Force works! ([@han-solo](https://github.com/han-solo))

#### :nail_care: Enhancement
* [#7](https://github.com/lerna/lerna-changelog/pull/7) feat: that is not how the Force works! ([@han-solo](https://github.com/han-solo))

#### Committers: 1
- Han Solo ([@han-solo](https://github.com/han-solo))


## v6.0.0 (1983-05-25)

#### :rocket: New Feature
* [#5](https://github.com/lerna/lerna-changelog/pull/5) feat: I am your father ([@vader](https://github.com/vader))

#### :bug: Bug Fix
* [#4](https://github.com/lerna/lerna-changelog/pull/4) fix: RRRAARRWHHGWWR ([@chewbacca](https://github.com/chewbacca))

#### :nail_care: Enhancement
* [#6](https://github.com/lerna/lerna-changelog/pull/6) refactor: he is my brother ([@princess-leia](https://github.com/princess-leia))

#### :house: Maintenance
* [#4](https://github.com/lerna/lerna-changelog/pull/4) fix: RRRAARRWHHGWWR ([@chewbacca](https://github.com/chewbacca))

#### Committers: 3
- Chwebacca ([@chewbacca](https://github.com/chewbacca))
- Darth Vader ([@vader](https://github.com/vader))
- Princess Leia Organa ([@princess-leia](https://github.com/princess-leia))


## v5.0.0 (1980-05-17)

#### :boom: Breaking Change
* [#2](https://github.com/lerna/lerna-changelog/pull/2) chore: Terminate her... immediately! ([@gtarkin](https://github.com/gtarkin))

#### :bug: Bug Fix
* [#3](https://github.com/lerna/lerna-changelog/pull/3) fix: Get me the rebels base! ([@vader](https://github.com/vader))

#### Committers: 2
- Darth Vader ([@vader](https://github.com/vader))
- Governor Tarkin ([@gtarkin](https://github.com/gtarkin))


## v4.0.0 (1977-05-25)

#### :rocket: New Feature
* [#1](https://github.com/lerna/lerna-changelog/pull/1) feat: May the force be with you ([@luke](https://github.com/luke))

#### Committers: 1
- Luke Skywalker ([@luke](https://github.com/luke))"
`;

exports[`createMarkdown single tags outputs correct changelog 1`] = `
"
## Unreleased (2099-01-01)

#### :rocket: New Feature
* \`@star-wars/the-force-awakens\`, \`@star-wars/rogue-one\`
  * [#7](https://github.com/lerna/lerna-changelog/pull/7) feat: that is not how the Force works! ([@han-solo](https://github.com/han-solo))

#### :nail_care: Enhancement
* \`@star-wars/the-force-awakens\`, \`@star-wars/rogue-one\`
  * [#7](https://github.com/lerna/lerna-changelog/pull/7) feat: that is not how the Force works! ([@han-solo](https://github.com/han-solo))

#### Committers: 1
- Han Solo ([@han-solo](https://github.com/han-solo))


## v6.0.0 (1983-05-25)

#### :rocket: New Feature
* \`@star-wars/return-of-the-jedi\`
  * [#5](https://github.com/lerna/lerna-changelog/pull/5) feat: I am your father ([@vader](https://github.com/vader))

#### :bug: Bug Fix
* \`@star-wars/return-of-the-jedi\`
  * [#4](https://github.com/lerna/lerna-changelog/pull/4) fix: RRRAARRWHHGWWR ([@chewbacca](https://github.com/chewbacca))

#### :nail_care: Enhancement
* \`@star-wars/return-of-the-jedi\`
  * [#6](https://github.com/lerna/lerna-changelog/pull/6) refactor: he is my brother ([@princess-leia](https://github.com/princess-leia))

#### :house: Maintenance
* \`@star-wars/return-of-the-jedi\`
  * [#4](https://github.com/lerna/lerna-changelog/pull/4) fix: RRRAARRWHHGWWR ([@chewbacca](https://github.com/chewbacca))

#### Committers: 3
- Chwebacca ([@chewbacca](https://github.com/chewbacca))
- Darth Vader ([@vader](https://github.com/vader))
- Princess Leia Organa ([@princess-leia](https://github.com/princess-leia))


## v5.0.0 (1980-05-17)

#### :boom: Breaking Change
* \`@star-wars/empire-strikes-back\`
  * [#2](https://github.com/lerna/lerna-changelog/pull/2) chore: Terminate her... immediately! ([@gtarkin](https://github.com/gtarkin))

#### :bug: Bug Fix
* \`@star-wars/empire-strikes-back\`
  * [#3](https://github.com/lerna/lerna-changelog/pull/3) fix: Get me the rebels base! ([@vader](https://github.com/vader))

#### Committers: 2
- Darth Vader ([@vader](https://github.com/vader))
- Governor Tarkin ([@gtarkin](https://github.com/gtarkin))


## v4.0.0 (1977-05-25)

#### :rocket: New Feature
* \`@star-wars/a-new-hope\`
  * [#1](https://github.com/lerna/lerna-changelog/pull/1) feat: May the force be with you ([@luke](https://github.com/luke))

#### Committers: 1
- Luke Skywalker ([@luke](https://github.com/luke))"
`;
